[wandertears.com/index.html]
[backblue.gif]
[fade.gif]
[index.html]
[wandertears.com/teardrop-models.html]
[wandertears.com/vaga.html]
[wandertears.com/renegade.html]
[wandertears.com/rent.html]
[wandertears.com/diy-plans.html]
[wandertears.com/trailer-frames.html]
[wandertears.com/free-3d-model.html]
[wandertears.com/merch.html]
[wandertears.com/our-camper.html]
[wandertears.com/buildresources.html]
[wandertears.com/diy-teardrop-blog.html]
[wandertears.com/contact.html]
[wandertears.com/cart.html]
[wandertears.com/diy-plans/p/renegade.html]
[wandertears.com/diy-plans/p/the-vaga-series-basic-plans.html]
[wandertears.com/diy-plans/p/the-hopper-4x8-plans.html]
[wandertears.com/affiliate-disclosure.html]
[wandertears.com/privacy-policy.html]
[wandertears.com/index.html]
[wandertears.com/teardrop-models.html]
[wandertears.com/vaga.html]
[wandertears.com/renegade.html]
[wandertears.com/rent.html]
[wandertears.com/terms-and-conditions.html]
[wandertears.com/diy-plans/p/the-vaga-3d-model-with-layers.html]
[wandertears.com/diy-plans.html]
[wandertears.com/trailer-frames.html]
[wandertears.com/free-3d-model.html]
[wandertears.com/diy-plans/p/gift-card.html]
[wandertears.com/merch/p/usa-galley-map.html]
[wandertears.com/merch/p/short-sleeve-unisex-t-shirt.html]
[wandertears.com/merch/p/unisex-long-sleeve-tee.html]
[wandertears.com/merch.html]
[wandertears.com/merch/p/gift-card.html]
[wandertears.com/build-plans.1c.delayed]
[wandertears.com/buy.1d.delayed]
[wandertears.com/our-camper.html]
[wandertears.com/buildresources.html]
[wandertears.com/diy-teardrop-bloga409]
[wandertears.com/diy-teardrop-blog/whats-new-feb-je5wz.html]
[wandertears.com/diy-teardrop-blog/diy-feature-eric.html]
[wandertears.com/diy-teardrop-blog/valentines-gifts-for-outdoor-lovers.html]
[wandertears.com/diy-teardrop-blog/whats-new-feb.html]
[wandertears.com/diy-teardrop-blog/diy-feature-brad.html]
[wandertears.com/diy-teardrop-blog/blanca-la-teardrop.html]
[wandertears.com/diy-teardrop-blog/teardrop-trailer-frame-and-chassis.html]
[wandertears.com/diy-teardrop-blog/6-simple-sustainable-camping-trip-tips.html]
[wandertears.com/diy-teardrop-blog.html]
[wandertears.com/contact.html]
[wandertears.com/cart.html]
[wandertears.com/diy-plans/p/renegade.html]
[wandertears.com/diy-plans/p/the-vaga-series-basic-plans.html]
[wandertears.com/diy-plans/p/the-hopper-4x8-plans.html]
[wandertears.com/affiliate-disclosure.html]
[wandertears.com/privacy-policy.html]
[wandertears.com/terms-and-conditions.html]
[wandertears.com/diy-plans/p/the-vaga-3d-model-with-layers.html]
[wandertears.com/diy-plans/p/gift-card.html]
[wandertears.com/merch/p/usa-galley-map.html]
[wandertears.com/merch/p/short-sleeve-unisex-t-shirt.html]
[wandertears.com/merch/p/unisex-long-sleeve-tee.html]
[wandertears.com/merch/p/gift-card.html]
[wandertears.com/build-plans.html]
[wandertears.com/buy.html]
[wandertears.com/diy-teardrop-blog/category/Tips.html]
[wandertears.com/diy-teardrop-blog75b8.html]
[wandertears.com/diy-teardrop-blog/tag/teardrop+trailer.html]
[wandertears.com/diy-teardrop-blog/tag/diy+camper.html]
[wandertears.com/diy-teardrop-blog/tag/diy+teardrop.html]
[wandertears.com/diy-teardrop-blog/tag/diy+trailer.html]
[wandertears.com/diy-teardrop-blog/tag/custom+teardrop+trailer.html]
[wandertears.com/diy-teardrop-blog/tag/how+to+build+a+teardrop.html]
[wandertears.com/diy-teardrop-blog/tag/how+to+build+a+teardrop+camper.html]
[wandertears.com/diy-teardrop-blog/tag/how+to+build+a+teardrop+trailer.html]
[wandertears.com/diy-teardrop-blog/tag/diy+teardrop+trailer.html]
[wandertears.com/diy-teardrop-blog/tag/teardrop+camper+plans.html]
[wandertears.com/diy-teardrop-blog/tag/teardrop+trailer+plans.html]
[wandertears.com/diy-teardrop-blog/tag/diy+camper+plans.html]
[wandertears.com/diy-teardrop-blog/tag/diy+teardrop+plans.html]
[wandertears.com/diy-teardrop-blog/tag/diy+plans.html]
[wandertears.com/diy-teardrop-blog/tag/how+to+build+a+camper.html]
[wandertears.com/diy-teardrop-blog/tag/tiny+camper.html]
[wandertears.com/diy-teardrop-blog/tag/diy+tiny+camper.html]
[wandertears.com/diy-teardrop-blog/tag/diy+tiny+trailer.html]
[wandertears.com/diy-teardrop-blog/tag/light+weight+trailer.html]
[wandertears.com/diy-teardrop-blog/whats-new-feb-je5wz.html]
[wandertears.com/diy-teardrop-blog/diy-feature-eric.html]
[wandertears.com/diy-teardrop-blog/valentines-gifts-for-outdoor-lovers.html]
[wandertears.com/diy-teardrop-blog/whats-new-feb.html]
[wandertears.com/diy-teardrop-blog/tag/light+weight+camper.html]
[wandertears.com/diy-teardrop-blog/tag/dit+teardrop+trailer.html]
[wandertears.com/diy-teardrop-blog/tag/teardrop+camper.html]
[wandertears.com/diy-teardrop-blog/tag/doy+teardrop+camper.html]
[wandertears.com/diy-teardrop-blog/tag/camper+build.html]
[wandertears.com/diy-teardrop-blog/tag/teardrop+build.html]
[wandertears.com/diy-teardrop-blog/tag/teardrop+trailer+build.html]
[wandertears.com/diy-teardrop-blog/tag/camper+plans.html]
[wandertears.com/diy-teardrop-blog/tag/offroad+camper.html]
[wandertears.com/diy-teardrop-blog/diy-feature-brad.html]
[wandertears.com/diy-teardrop-blog/tag/diy+offroad+camper.html]
[wandertears.com/diy-teardrop-blog/tag/where+to+buy+a+teardrop+trailer.html]
[wandertears.com/diy-teardrop-blog/tag/buy+a+teardrop+camper.html]
[wandertears.com/diy-teardrop-blog/tag/buy+a+teardrop.html]
[wandertears.com/diy-teardrop-blog/tag/buy+a+teardrop+trailer.html]
[wandertears.com/diy-teardrop-blog/tag/teardrop+trailer+for+family.html]
[wandertears.com/diy-teardrop-blog/tag/teardrop+trailer+for+family+of+4.html]
[wandertears.com/diy-teardrop-blog/tag/family+teardrop.html]
[wandertears.com/diy-teardrop-blog/tag/family+teardrop+trailer.html]
[wandertears.com/diy-teardrop-blog/tag/family+of+four+teardrop.html]
[wandertears.com/diy-teardrop-blog/tag/family+of+4+teardrop.html]
[wandertears.com/diy-teardrop-blog/tag/best+teardrop+trailer.html]
[wandertears.com/diy-teardrop-blog/tag/affordable+teardrop+trailer.html]
[wandertears.com/diy-teardrop-blog/tag/family+tiny+camper.html]
[wandertears.com/diy-teardrop-blog/tag/wander+tears.html]
[wandertears.com/diy-teardrop-blog/blanca-la-teardrop.html]
[wandertears.com/diy-teardrop-blog/tag/wander+tears+camper.html]
[wandertears.com/diy-teardrop-blog/tag/teardrop+trailer+frame.html]
[wandertears.com/diy-teardrop-blog/tag/trailer+frame.html]
[wandertears.com/diy-teardrop-blog/tag/trailer+frame+for+diy+trailer.html]
[wandertears.com/diy-teardrop-blog/tag/diy+trailer+frame.html]
[wandertears.com/diy-teardrop-blog/tag/trailer+frame+info.html]
[wandertears.com/diy-teardrop-blog/tag/what+trailer+frame+do+I+need.html]
[wandertears.com/diy-teardrop-blog/tag/teardrop+camper+trailer+frame.html]
[wandertears.com/diy-teardrop-blog/tag/how+to+build+a+trailer+frame.html]
[wandertears.com/diy-teardrop-blog/teardrop-trailer-frame-and-chassis.html]
[wandertears.com/diy-teardrop-blog/tag/teardrop+camping.html]
[wandertears.com/diy-teardrop-blog95c2.html]
[wandertears.com/reasons-you-need-a-teardrop-camper/index.html]
[wandertears.com/diy-teardrop-blog/tag/Sustainability.html]
[wandertears.com/diy-teardrop-blog/tag/Sustainable+Camping.html]
[wandertears.com/diy-teardrop-blog/tag/Eco+Friendly+Camping.html]
[wandertears.com/diy-teardrop-blog/tag/Sustainable+Tips.html]
[wandertears.com/diy-teardrop-blog/6-simple-sustainable-camping-trip-tips.html]
[wandertears.com/diy-teardrop-blog/category/Tips.html]
[wandertears.com/diy-teardrop-blog75b8.html]
[wandertears.com/diy-teardrop-blog/tag/teardrop+trailer.html]
[wandertears.com/diy-teardrop-blog/tag/diy+camper.html]
[wandertears.com/diy-teardrop-blog/tag/diy+teardrop.html]
[wandertears.com/diy-teardrop-blog/tag/diy+trailer.html]
[wandertears.com/diy-teardrop-blog/tag/custom+teardrop+trailer.html]
[wandertears.com/diy-teardrop-blog/tag/how+to+build+a+teardrop.html]
[wandertears.com/diy-teardrop-blog/tag/how+to+build+a+teardrop+camper.html]
[wandertears.com/diy-teardrop-blog/tag/how+to+build+a+teardrop+trailer.html]
[wandertears.com/diy-teardrop-blog/tag/diy+teardrop+trailer.html]
[wandertears.com/diy-teardrop-blog/tag/teardrop+camper+plans.html]
[wandertears.com/diy-teardrop-blog/tag/teardrop+trailer+plans.html]
[wandertears.com/diy-teardrop-blog/tag/diy+camper+plans.html]
[wandertears.com/diy-teardrop-blog/tag/diy+teardrop+plans.html]
[wandertears.com/diy-teardrop-blog/tag/diy+plans.html]
[wandertears.com/diy-teardrop-blog/tag/how+to+build+a+camper.html]
[wandertears.com/diy-teardrop-blog/tag/tiny+camper.html]
[wandertears.com/diy-teardrop-blog/tag/diy+tiny+camper.html]
[wandertears.com/diy-teardrop-blog/tag/diy+tiny+trailer.html]
[wandertears.com/diy-teardrop-blog/tag/light+weight+trailer.html]
[wandertears.com/diy-teardrop-blog/tag/light+weight+camper.html]
[wandertears.com/diy-teardrop-blog/tag/dit+teardrop+trailer.html]
[wandertears.com/diy-teardrop-blog/tag/teardrop+camper.html]
[wandertears.com/diy-teardrop-blog/tag/doy+teardrop+camper.html]
[wandertears.com/diy-teardrop-blog/tag/camper+build.html]
[wandertears.com/diy-teardrop-blog/tag/teardrop+build.html]
[wandertears.com/diy-teardrop-blog/tag/teardrop+trailer+build.html]
[wandertears.com/diy-teardrop-blog/tag/camper+plans.html]
[wandertears.com/diy-teardrop-blog/tag/offroad+camper.html]
[wandertears.com/diy-teardrop-blog/tag/diy+offroad+camper.html]
[wandertears.com/diy-teardrop-blog/tag/where+to+buy+a+teardrop+trailer.html]
[wandertears.com/diy-teardrop-blog/tag/buy+a+teardrop+camper.html]
[wandertears.com/diy-teardrop-blog/tag/buy+a+teardrop.html]
[wandertears.com/diy-teardrop-blog/tag/buy+a+teardrop+trailer.html]
[wandertears.com/diy-teardrop-blog/tag/teardrop+trailer+for+family.html]
[wandertears.com/diy-teardrop-blog/tag/teardrop+trailer+for+family+of+4.html]
[wandertears.com/diy-teardrop-blog/tag/family+teardrop.html]
[wandertears.com/diy-teardrop-blog/tag/family+teardrop+trailer.html]
[wandertears.com/diy-teardrop-blog/tag/family+of+four+teardrop.html]
[wandertears.com/diy-teardrop-blog/tag/family+of+4+teardrop.html]
[wandertears.com/diy-teardrop-blog/tag/best+teardrop+trailer.html]
[wandertears.com/diy-teardrop-blog/tag/affordable+teardrop+trailer.html]
[wandertears.com/diy-teardrop-blog/tag/family+tiny+camper.html]
[wandertears.com/diy-teardrop-blog/tag/wander+tears.html]
[wandertears.com/diy-teardrop-blog/tag/wander+tears+camper.html]
[wandertears.com/diy-teardrop-blog/tag/teardrop+trailer+frame.html]
[wandertears.com/diy-teardrop-blog/tag/trailer+frame.html]
[wandertears.com/diy-teardrop-blog/tag/trailer+frame+for+diy+trailer.html]
[wandertears.com/diy-teardrop-blog/tag/diy+trailer+frame.html]
[wandertears.com/diy-teardrop-blog/tag/trailer+frame+info.html]
[wandertears.com/diy-teardrop-blog/tag/what+trailer+frame+do+I+need.html]
[wandertears.com/diy-teardrop-blog/tag/teardrop+camper+trailer+frame.html]
[wandertears.com/diy-teardrop-blog/tag/how+to+build+a+trailer+frame.html]
[wandertears.com/diy-teardrop-blog/tag/teardrop+camping.html]
[wandertears.com/diy-teardrop-blog95c2.html]
[wandertears.com/reasons-you-need-a-teardrop-camper/index.html]
[wandertears.com/diy-teardrop-blog/tag/Sustainability.html]
[wandertears.com/diy-teardrop-blog/tag/Sustainable+Camping.html]
[wandertears.com/diy-teardrop-blog/tag/Eco+Friendly+Camping.html]
[wandertears.com/diy-teardrop-blog/tag/Sustainable+Tips.html]
[wandertears.com/diy-teardrop-blog/tag/Camp+Sustainably.html]
[wandertears.com/diy-teardrop-blog/tag/Camp+Sustainably.html]
